(1) ((a->b)->((a->!b)->!a)) (Сх. акс.) 9
(2) (a->b) (Предп.) 1
(3) ((a->!b)->!a) (M.P.) 2, 1
(4) (!b->(a->!b)) (Сх. акс.) 1
(5) !b (Предп.) 2
(6) (a->!b) (M.P.) 5, 4
(7) !a (M.P.) 6, 3
