(1) (a->(a->a)) (Сх. акс. 1)
(2) ((a->(a->a))->((a->((a->a)->a))->(a->a))) (Сх. акс. 2)
(3) ((a->((a->a)->a))->(a->a)) (M.P. 1, 2)
(4) (a->((a->a)->a)) (Сх. акс. 1)
(5) (a->a) (M.P. 4, 3)
